// Jest Snapshot v1, https://goo.gl/fbAQLP

exports[`Test on DeveloperCard render without social media props 1`] = `
<div
  className="sc-bdnylx dCFMFm"
>
  <div
    className="sc-gtssRu bOKgvc"
  >
    <img
      className="sc-dlnjPT cVlQYq"
      src="https://upload.wikimedia.org/wikipedia/commons/3/3f/Juan_Perez_July_2013.jpg"
    />
  </div>
  <div
    className="sc-hKFyIo hgnyMS"
  >
    <div
      className="sc-eCApGN gJjZrL"
    >
      <div
        className="sc-gKAblj dHEA-Dt"
      >
        <h6
          className="sc-jSFkmK bcqalb"
        >
          JR
        </h6>
      </div>
      <h6
        className="sc-iCoHVE buvtCW"
      >
        Jose Reyes Campusano
      </h6>
    </div>
    <section
      className="sc-fujyUd dPZDpE"
    >
      <div
        className="sc-pNWxx fTZOGN"
      >
        <div
          className="sc-jrsJCI bQdSRF"
        >
          <span
            className="sc-kEqYlL"
          >
            React
          </span>
        </div>
        <div
          className="sc-jrsJCI bQdSRF"
        >
          <span
            className="sc-kEqYlL"
          >
            Flutter
          </span>
        </div>
        <div
          className="sc-jrsJCI bQdSRF"
        >
          <span
            className="sc-kEqYlL"
          >
            C#
          </span>
        </div>
        <div
          className="sc-jrsJCI bQdSRF"
        >
          <span
            className="sc-kEqYlL"
          >
            Swift
          </span>
        </div>
        <div
          className="sc-jrsJCI bQdSRF"
        >
          <span
            className="sc-kEqYlL"
          >
            Kotlin
          </span>
        </div>
      </div>
    </section>
    <div
      className="sc-iqAbSa erTgNx"
    >
      <p
        className="sc-crzoUp iLMWkX"
      >
        <small>
          Senior Front-end Developer | Web Designer | Hardcore Gamer | I am passionate about building scalable and appealing software
        </small>
      </p>
    </div>
    <div
      className="sc-dIsAE iQfex"
    />
  </div>
</div>
`;

exports[`Test on DeveloperCard renders card with initial data 1`] = `
<div
  className="sc-bdnylx dCFMFm"
>
  <div
    className="sc-gtssRu bOKgvc"
  >
    <img
      className="sc-dlnjPT cVlQYq"
      src="https://upload.wikimedia.org/wikipedia/commons/3/3f/Juan_Perez_July_2013.jpg"
    />
  </div>
  <div
    className="sc-hKFyIo hgnyMS"
  >
    <div
      className="sc-eCApGN gJjZrL"
    >
      <div
        className="sc-gKAblj dHEA-Dt"
      >
        <h6
          className="sc-jSFkmK bcqalb"
        >
          JR
        </h6>
      </div>
      <h6
        className="sc-iCoHVE buvtCW"
      >
        Jose Reyes Campusano
      </h6>
    </div>
    <section
      className="sc-fujyUd dPZDpE"
    >
      <div
        className="sc-pNWxx fTZOGN"
      >
        <div
          className="sc-jrsJCI bQdSRF"
        >
          <span
            className="sc-kEqYlL"
          >
            React
          </span>
        </div>
        <div
          className="sc-jrsJCI bQdSRF"
        >
          <span
            className="sc-kEqYlL"
          >
            Flutter
          </span>
        </div>
        <div
          className="sc-jrsJCI bQdSRF"
        >
          <span
            className="sc-kEqYlL"
          >
            C#
          </span>
        </div>
        <div
          className="sc-jrsJCI bQdSRF"
        >
          <span
            className="sc-kEqYlL"
          >
            Swift
          </span>
        </div>
        <div
          className="sc-jrsJCI bQdSRF"
        >
          <span
            className="sc-kEqYlL"
          >
            Kotlin
          </span>
        </div>
      </div>
    </section>
    <div
      className="sc-iqAbSa erTgNx"
    >
      <p
        className="sc-crzoUp iLMWkX"
      >
        <small>
          Senior Front-end Developer | Web Designer | Hardcore Gamer | I am passionate about building scalable and appealing software
        </small>
      </p>
    </div>
    <div
      className="sc-dIsAE iQfex"
    >
      <a
        className="sc-bqGHjH eGmdMK"
        href="https://www.linkedin.com/in/linkeindTest/"
        target="_blank"
      >
        <svg
          aria-hidden="true"
          className="svg-inline--fa fa-linkedin fa-w-14 "
          data-icon="linkedin"
          data-prefix="fab"
          focusable="false"
          role="img"
          style={Object {}}
          viewBox="0 0 448 512"
          xmlns="http://www.w3.org/2000/svg"
        >
          <path
            d="M416 32H31.9C14.3 32 0 46.5 0 64.3v383.4C0 465.5 14.3 480 31.9 480H416c17.6 0 32-14.5 32-32.3V64.3c0-17.8-14.4-32.3-32-32.3zM135.4 416H69V202.2h66.5V416zm-33.2-243c-21.3 0-38.5-17.3-38.5-38.5S80.9 96 102.2 96c21.2 0 38.5 17.3 38.5 38.5 0 21.3-17.2 38.5-38.5 38.5zm282.1 243h-66.4V312c0-24.8-.5-56.7-34.5-56.7-34.6 0-39.9 27-39.9 54.9V416h-66.4V202.2h63.7v29.2h.9c8.9-16.8 30.6-34.5 62.9-34.5 67.2 0 79.7 44.3 79.7 101.9V416z"
            fill="currentColor"
            style={Object {}}
          />
        </svg>
      </a>
      <a
        className="sc-bqGHjH eGmdMK"
        href="https://twitter.com/TwitterTest"
        target="_blank"
      >
        <svg
          aria-hidden="true"
          className="svg-inline--fa fa-twitter fa-w-16 "
          data-icon="twitter"
          data-prefix="fab"
          focusable="false"
          role="img"
          style={Object {}}
          viewBox="0 0 512 512"
          xmlns="http://www.w3.org/2000/svg"
        >
          <path
            d="M459.37 151.716c.325 4.548.325 9.097.325 13.645 0 138.72-105.583 298.558-298.558 298.558-59.452 0-114.68-17.219-161.137-47.106 8.447.974 16.568 1.299 25.34 1.299 49.055 0 94.213-16.568 130.274-44.832-46.132-.975-84.792-31.188-98.112-72.772 6.498.974 12.995 1.624 19.818 1.624 9.421 0 18.843-1.3 27.614-3.573-48.081-9.747-84.143-51.98-84.143-102.985v-1.299c13.969 7.797 30.214 12.67 47.431 13.319-28.264-18.843-46.781-51.005-46.781-87.391 0-19.492 5.197-37.36 14.294-52.954 51.655 63.675 129.3 105.258 216.365 109.807-1.624-7.797-2.599-15.918-2.599-24.04 0-57.828 46.782-104.934 104.934-104.934 30.213 0 57.502 12.67 76.67 33.137 23.715-4.548 46.456-13.32 66.599-25.34-7.798 24.366-24.366 44.833-46.132 57.827 21.117-2.273 41.584-8.122 60.426-16.243-14.292 20.791-32.161 39.308-52.628 54.253z"
            fill="currentColor"
            style={Object {}}
          />
        </svg>
      </a>
    </div>
  </div>
</div>
`;
